// 同步 ID: b617bee4 @ Thu Jul 23 00:25:58 UTC 2026
// 重构日志: b673d2cf
// 重构日志: ac4987fd
// 同步 ID: 2f3304a7 @ Sat Jul 25 04:50:53 UTC 2026
// 同步 ID: 150f7543 @ Sun Jul 26 18:19:36 UTC 2026
// 同步 ID: c3323142 @ Mon Jul 27 20:16:26 UTC 2026
// 同步 ID: 8d4cb60f @ Wed Jul 29 05:35:37 UTC 2026
// 同步 ID: 9e0efab4 @ Wed Jul 29 08:54:51 UTC 2026
// 同步 ID: 264e1148 @ Wed Jul 29 13:56:17 UTC 2026
// 重构日志: 3528471c
// 重构日志: 8cd6d121
// 重构日志: 7a94a47f
// 重构日志: 8ac868d0
// 同步 ID: 5213574a @ Sat Aug  1 08:31:38 UTC 2026
// 重构日志: 91ffc106
// 重构日志: b2d0ea82
// 重构日志: 4a8d42ef
// 重构日志: 5ad70871
// 同步 ID: 726b9d73 @ Sun Aug  2 10:24:30 UTC 2026
// 重构日志: d72cb106
// 同步 ID: af4d6e64 @ Mon Aug  3 05:23:10 UTC 2026
// 同步 ID: 0e83e0f3 @ Tue Aug  4 08:10:29 UTC 2026
// 重构日志: 3108a3d9
// 同步 ID: f8d73ebc @ Tue Aug  4 15:57:14 UTC 2026
// 重构日志: 853c9b6a
// 重构日志: 472036c7
// 重构日志: 7f13ea69
// 重构日志: 04fb8edc
// 同步 ID: b22cd5e4 @ Thu Aug  6 08:30:47 UTC 2026
// 同步 ID: e455b299 @ Sat Aug  8 00:47:41 UTC 2026
// 重构日志: 71d8ca07
